
> @getbioflow/sdk@0.1.0 build C:\Users\alaed\Documents\Github\bioflow\packages\sdk
> tsup

[34mCLI[39m Building entry: src/index.ts
[34mCLI[39m Using tsconfig: tsconfig.json
[34mCLI[39m tsup v8.5.1
[34mCLI[39m Using tsup config: C:\Users\alaed\Documents\Github\bioflow\packages\sdk\tsup.config.ts
[34mCLI[39m Target: node18
[34mCLI[39m Cleaning output folder
[34mESM[39m Build start
[34mCJS[39m Build start
[32mESM[39m [1mdist\index.js     [22m[32m28.13 KB[39m
[32mESM[39m [1mdist\index.js.map [22m[32m63.70 KB[39m
[32mESM[39m ⚡️ Build success in 119ms
[32mCJS[39m [1mdist\index.cjs     [22m[32m29.76 KB[39m
[32mCJS[39m [1mdist\index.cjs.map [22m[32m65.91 KB[39m
[32mCJS[39m ⚡️ Build success in 119ms
[34mDTS[39m Build start
[32mDTS[39m ⚡️ Build success in 2747ms
[32mDTS[39m [1mdist\index.d.ts  [22m[32m125.66 KB[39m
[32mDTS[39m [1mdist\index.d.cts [22m[32m125.66 KB[39m
